2025-04-30 00:12:44,290 INFO sentence_transformers.SentenceTransformer: Load pretrained SentenceTransformer: sentence-transformers/all-MiniLM-L6-v2
2025-04-30 00:13:27,055 INFO httpx: HTTP Request: POST http://localhost:11434/api/generate "HTTP/1.1 200 OK"
2025-04-30 00:13:30,096 INFO httpx: HTTP Request: POST http://localhost:11434/api/generate "HTTP/1.1 200 OK"
2025-04-30 00:13:32,975 INFO httpx: HTTP Request: POST http://localhost:11434/api/generate "HTTP/1.1 200 OK"
2025-04-30 00:13:36,247 WARNING trafilatura.core: discarding data: None
2025-04-30 00:13:45,252 INFO httpx: HTTP Request: POST http://localhost:11434/api/generate "HTTP/1.1 200 OK"
2025-04-30 00:13:47,533 INFO httpx: HTTP Request: POST http://localhost:11434/api/generate "HTTP/1.1 200 OK"
2025-04-30 00:13:52,182 INFO httpx: HTTP Request: POST http://localhost:11434/api/generate "HTTP/1.1 200 OK"
2025-04-30 00:13:59,415 INFO httpx: HTTP Request: POST http://localhost:11434/api/generate "HTTP/1.1 200 OK"
2025-04-30 00:13:59,838 WARNING trafilatura.core: discarding data: None
2025-04-30 00:14:05,703 INFO httpx: HTTP Request: POST http://localhost:11434/api/generate "HTTP/1.1 200 OK"
2025-04-30 00:14:11,236 INFO httpx: HTTP Request: POST http://localhost:11434/api/generate "HTTP/1.1 200 OK"
2025-04-30 00:14:16,865 INFO httpx: HTTP Request: POST http://localhost:11434/api/generate "HTTP/1.1 200 OK"
2025-04-30 00:14:19,723 INFO httpx: HTTP Request: POST http://localhost:11434/api/generate "HTTP/1.1 200 OK"
2025-04-30 00:14:31,864 INFO httpx: HTTP Request: POST http://localhost:11434/api/generate "HTTP/1.1 200 OK"
2025-04-30 00:14:41,637 INFO httpx: HTTP Request: POST http://localhost:11434/api/generate "HTTP/1.1 200 OK"
2025-04-30 00:14:49,895 INFO httpx: HTTP Request: POST http://localhost:11434/api/generate "HTTP/1.1 200 OK"
2025-04-30 00:14:58,938 INFO httpx: HTTP Request: POST http://localhost:11434/api/generate "HTTP/1.1 200 OK"
2025-04-30 00:15:03,339 INFO httpx: HTTP Request: POST http://localhost:11434/api/generate "HTTP/1.1 200 OK"
2025-04-30 00:15:14,326 INFO httpx: HTTP Request: POST http://localhost:11434/api/generate "HTTP/1.1 200 OK"
2025-04-30 00:15:16,643 INFO httpx: HTTP Request: POST http://localhost:11434/api/generate "HTTP/1.1 200 OK"
2025-04-30 00:15:21,462 INFO httpx: HTTP Request: POST http://localhost:11434/api/generate "HTTP/1.1 200 OK"
2025-04-30 00:15:24,123 INFO httpx: HTTP Request: POST http://localhost:11434/api/generate "HTTP/1.1 200 OK"
2025-04-30 00:15:27,894 INFO httpx: HTTP Request: POST http://localhost:11434/api/generate "HTTP/1.1 200 OK"
2025-04-30 00:16:49,272 INFO httpx: HTTP Request: POST http://localhost:11434/api/generate "HTTP/1.1 200 OK"
2025-04-30 00:17:00,988 INFO httpx: HTTP Request: POST http://localhost:11434/api/generate "HTTP/1.1 200 OK"
2025-04-30 00:17:02,751 INFO httpx: HTTP Request: POST http://localhost:11434/api/generate "HTTP/1.1 200 OK"
2025-04-30 00:17:06,254 INFO httpx: HTTP Request: POST http://localhost:11434/api/generate "HTTP/1.1 200 OK"
2025-04-30 00:17:17,154 INFO httpx: HTTP Request: POST http://localhost:11434/api/generate "HTTP/1.1 200 OK"
2025-04-30 00:20:01,089 INFO httpx: HTTP Request: POST http://localhost:11434/api/generate "HTTP/1.1 200 OK"
2025-04-30 00:25:39,031 INFO sentence_transformers.SentenceTransformer: Load pretrained SentenceTransformer: sentence-transformers/all-MiniLM-L6-v2
2025-04-30 00:26:13,915 INFO sentence_transformers.SentenceTransformer: Load pretrained SentenceTransformer: sentence-transformers/all-MiniLM-L6-v2
2025-04-30 00:26:23,554 INFO httpx: HTTP Request: POST http://localhost:11434/api/generate "HTTP/1.1 200 OK"
2025-04-30 00:26:25,505 INFO httpx: HTTP Request: POST http://localhost:11434/api/generate "HTTP/1.1 200 OK"
2025-04-30 00:26:27,482 INFO httpx: HTTP Request: POST http://localhost:11434/api/generate "HTTP/1.1 200 OK"
2025-04-30 00:26:29,449 INFO httpx: HTTP Request: POST http://localhost:11434/api/generate "HTTP/1.1 200 OK"
2025-04-30 00:26:31,581 INFO httpx: HTTP Request: POST http://localhost:11434/api/generate "HTTP/1.1 200 OK"
2025-04-30 00:26:33,675 INFO httpx: HTTP Request: POST http://localhost:11434/api/generate "HTTP/1.1 200 OK"
2025-04-30 00:26:35,753 INFO httpx: HTTP Request: POST http://localhost:11434/api/generate "HTTP/1.1 200 OK"
2025-04-30 00:26:38,115 INFO httpx: HTTP Request: POST http://localhost:11434/api/generate "HTTP/1.1 200 OK"
2025-04-30 00:26:40,588 INFO httpx: HTTP Request: POST http://localhost:11434/api/generate "HTTP/1.1 200 OK"
2025-04-30 00:26:42,934 INFO httpx: HTTP Request: POST http://localhost:11434/api/generate "HTTP/1.1 200 OK"
2025-04-30 00:26:45,046 INFO httpx: HTTP Request: POST http://localhost:11434/api/generate "HTTP/1.1 200 OK"
2025-04-30 00:26:47,307 INFO httpx: HTTP Request: POST http://localhost:11434/api/generate "HTTP/1.1 200 OK"
2025-04-30 00:26:49,486 INFO httpx: HTTP Request: POST http://localhost:11434/api/generate "HTTP/1.1 200 OK"
2025-04-30 00:26:51,978 INFO httpx: HTTP Request: POST http://localhost:11434/api/generate "HTTP/1.1 200 OK"
2025-04-30 00:26:54,710 INFO httpx: HTTP Request: POST http://localhost:11434/api/generate "HTTP/1.1 200 OK"
2025-04-30 00:26:57,144 INFO httpx: HTTP Request: POST http://localhost:11434/api/generate "HTTP/1.1 200 OK"
2025-04-30 00:26:59,732 INFO httpx: HTTP Request: POST http://localhost:11434/api/generate "HTTP/1.1 200 OK"
2025-04-30 00:27:01,697 INFO httpx: HTTP Request: POST http://localhost:11434/api/generate "HTTP/1.1 200 OK"
2025-04-30 00:27:02,795 INFO httpx: HTTP Request: POST http://localhost:11434/api/generate "HTTP/1.1 200 OK"
2025-04-30 00:27:05,160 INFO httpx: HTTP Request: POST http://localhost:11434/api/generate "HTTP/1.1 200 OK"
2025-04-30 00:27:07,705 INFO httpx: HTTP Request: POST http://localhost:11434/api/generate "HTTP/1.1 200 OK"
2025-04-30 00:27:09,897 INFO httpx: HTTP Request: POST http://localhost:11434/api/generate "HTTP/1.1 200 OK"
2025-04-30 00:27:12,764 INFO httpx: HTTP Request: POST http://localhost:11434/api/generate "HTTP/1.1 200 OK"
2025-04-30 00:27:21,273 INFO httpx: HTTP Request: POST http://localhost:11434/api/generate "HTTP/1.1 200 OK"
2025-04-30 00:27:24,038 INFO httpx: HTTP Request: POST http://localhost:11434/api/generate "HTTP/1.1 200 OK"
2025-04-30 00:27:24,048 WARNING trafilatura.core: discarding data: None
2025-04-30 00:27:26,086 INFO httpx: HTTP Request: POST http://localhost:11434/api/generate "HTTP/1.1 200 OK"
2025-04-30 00:27:28,512 INFO httpx: HTTP Request: POST http://localhost:11434/api/generate "HTTP/1.1 200 OK"
2025-04-30 00:27:30,641 INFO httpx: HTTP Request: POST http://localhost:11434/api/generate "HTTP/1.1 200 OK"
2025-04-30 00:27:33,187 INFO httpx: HTTP Request: POST http://localhost:11434/api/generate "HTTP/1.1 200 OK"
2025-04-30 00:27:35,847 INFO httpx: HTTP Request: POST http://localhost:11434/api/generate "HTTP/1.1 200 OK"
2025-04-30 00:27:37,758 INFO httpx: HTTP Request: POST http://localhost:11434/api/generate "HTTP/1.1 200 OK"
2025-04-30 00:27:40,040 INFO httpx: HTTP Request: POST http://localhost:11434/api/generate "HTTP/1.1 200 OK"
2025-04-30 00:27:42,594 INFO httpx: HTTP Request: POST http://localhost:11434/api/generate "HTTP/1.1 200 OK"
2025-04-30 00:27:45,181 INFO httpx: HTTP Request: POST http://localhost:11434/api/generate "HTTP/1.1 200 OK"
2025-04-30 00:27:48,136 INFO httpx: HTTP Request: POST http://localhost:11434/api/generate "HTTP/1.1 200 OK"
2025-04-30 00:27:57,598 INFO httpx: HTTP Request: POST http://localhost:11434/api/generate "HTTP/1.1 200 OK"
2025-04-30 00:28:04,746 INFO httpx: HTTP Request: POST http://localhost:11434/api/generate "HTTP/1.1 200 OK"
2025-04-30 00:28:07,855 INFO httpx: HTTP Request: POST http://localhost:11434/api/generate "HTTP/1.1 200 OK"
2025-04-30 00:28:10,059 INFO httpx: HTTP Request: POST http://localhost:11434/api/generate "HTTP/1.1 200 OK"
2025-04-30 00:28:11,802 INFO httpx: HTTP Request: POST http://localhost:11434/api/generate "HTTP/1.1 200 OK"
2025-04-30 00:28:14,580 INFO httpx: HTTP Request: POST http://localhost:11434/api/generate "HTTP/1.1 200 OK"
2025-04-30 00:28:17,305 INFO httpx: HTTP Request: POST http://localhost:11434/api/generate "HTTP/1.1 200 OK"
2025-04-30 00:28:19,583 INFO httpx: HTTP Request: POST http://localhost:11434/api/generate "HTTP/1.1 200 OK"
2025-04-30 00:28:22,056 INFO httpx: HTTP Request: POST http://localhost:11434/api/generate "HTTP/1.1 200 OK"
2025-04-30 00:28:28,841 INFO httpx: HTTP Request: POST http://localhost:11434/api/generate "HTTP/1.1 200 OK"
2025-04-30 00:28:30,706 INFO httpx: HTTP Request: POST http://localhost:11434/api/generate "HTTP/1.1 200 OK"
2025-04-30 00:28:46,594 INFO httpx: HTTP Request: POST http://localhost:11434/api/generate "HTTP/1.1 200 OK"
2025-04-30 00:28:47,652 WARNING trafilatura.core: discarding data: None
2025-04-30 00:28:50,522 INFO httpx: HTTP Request: POST http://localhost:11434/api/generate "HTTP/1.1 200 OK"
2025-04-30 00:28:52,767 INFO httpx: HTTP Request: POST http://localhost:11434/api/generate "HTTP/1.1 200 OK"
2025-04-30 00:28:56,489 INFO httpx: HTTP Request: POST http://localhost:11434/api/generate "HTTP/1.1 200 OK"
2025-04-30 00:28:57,484 INFO httpx: HTTP Request: POST http://localhost:11434/api/generate "HTTP/1.1 200 OK"
2025-04-30 00:29:00,574 INFO httpx: HTTP Request: POST http://localhost:11434/api/generate "HTTP/1.1 200 OK"
2025-04-30 00:29:03,203 INFO httpx: HTTP Request: POST http://localhost:11434/api/generate "HTTP/1.1 200 OK"
2025-04-30 00:29:04,382 INFO httpx: HTTP Request: POST http://localhost:11434/api/generate "HTTP/1.1 200 OK"
2025-04-30 00:29:21,485 INFO httpx: HTTP Request: POST http://localhost:11434/api/generate "HTTP/1.1 200 OK"
2025-04-30 00:29:24,016 INFO httpx: HTTP Request: POST http://localhost:11434/api/generate "HTTP/1.1 200 OK"
2025-04-30 00:29:26,737 INFO httpx: HTTP Request: POST http://localhost:11434/api/generate "HTTP/1.1 200 OK"
2025-04-30 00:29:30,239 INFO httpx: HTTP Request: POST http://localhost:11434/api/generate "HTTP/1.1 200 OK"
2025-04-30 00:29:32,700 INFO httpx: HTTP Request: POST http://localhost:11434/api/generate "HTTP/1.1 200 OK"
2025-04-30 00:29:35,154 INFO httpx: HTTP Request: POST http://localhost:11434/api/generate "HTTP/1.1 200 OK"
2025-04-30 00:29:38,000 INFO httpx: HTTP Request: POST http://localhost:11434/api/generate "HTTP/1.1 200 OK"
2025-04-30 00:29:40,923 INFO httpx: HTTP Request: POST http://localhost:11434/api/generate "HTTP/1.1 200 OK"
2025-04-30 00:29:44,085 INFO httpx: HTTP Request: POST http://localhost:11434/api/generate "HTTP/1.1 200 OK"
2025-04-30 00:29:46,744 INFO httpx: HTTP Request: POST http://localhost:11434/api/generate "HTTP/1.1 200 OK"
2025-04-30 00:29:49,710 INFO httpx: HTTP Request: POST http://localhost:11434/api/generate "HTTP/1.1 200 OK"
2025-04-30 00:29:52,076 INFO httpx: HTTP Request: POST http://localhost:11434/api/generate "HTTP/1.1 200 OK"
2025-04-30 00:29:55,233 INFO httpx: HTTP Request: POST http://localhost:11434/api/generate "HTTP/1.1 200 OK"
2025-04-30 00:30:01,483 INFO httpx: HTTP Request: POST http://localhost:11434/api/generate "HTTP/1.1 200 OK"
2025-04-30 00:30:01,995 WARNING trafilatura.core: discarding data: None
2025-04-30 00:30:03,941 INFO httpx: HTTP Request: POST http://localhost:11434/api/generate "HTTP/1.1 200 OK"
2025-04-30 00:30:07,160 INFO httpx: HTTP Request: POST http://localhost:11434/api/generate "HTTP/1.1 200 OK"
2025-04-30 00:30:09,988 INFO httpx: HTTP Request: POST http://localhost:11434/api/generate "HTTP/1.1 200 OK"
2025-04-30 00:30:12,473 INFO httpx: HTTP Request: POST http://localhost:11434/api/generate "HTTP/1.1 200 OK"
2025-04-30 00:30:15,157 INFO httpx: HTTP Request: POST http://localhost:11434/api/generate "HTTP/1.1 200 OK"
2025-04-30 00:30:19,885 INFO httpx: HTTP Request: POST http://localhost:11434/api/generate "HTTP/1.1 200 OK"
2025-04-30 00:30:22,720 INFO httpx: HTTP Request: POST http://localhost:11434/api/generate "HTTP/1.1 200 OK"
2025-04-30 00:30:27,794 INFO httpx: HTTP Request: POST http://localhost:11434/api/generate "HTTP/1.1 200 OK"
2025-04-30 00:30:31,085 INFO httpx: HTTP Request: POST http://localhost:11434/api/generate "HTTP/1.1 200 OK"
2025-04-30 00:30:33,840 INFO httpx: HTTP Request: POST http://localhost:11434/api/generate "HTTP/1.1 200 OK"
2025-04-30 00:30:36,601 INFO httpx: HTTP Request: POST http://localhost:11434/api/generate "HTTP/1.1 200 OK"
2025-04-30 00:30:41,148 INFO httpx: HTTP Request: POST http://localhost:11434/api/generate "HTTP/1.1 200 OK"
2025-04-30 00:30:44,006 INFO httpx: HTTP Request: POST http://localhost:11434/api/generate "HTTP/1.1 200 OK"
2025-04-30 00:30:47,387 INFO httpx: HTTP Request: POST http://localhost:11434/api/generate "HTTP/1.1 200 OK"
2025-04-30 00:30:50,783 INFO httpx: HTTP Request: POST http://localhost:11434/api/generate "HTTP/1.1 200 OK"
2025-04-30 00:30:54,870 INFO httpx: HTTP Request: POST http://localhost:11434/api/generate "HTTP/1.1 200 OK"
2025-04-30 00:30:57,410 INFO httpx: HTTP Request: POST http://localhost:11434/api/generate "HTTP/1.1 200 OK"
2025-04-30 00:31:01,929 INFO httpx: HTTP Request: POST http://localhost:11434/api/generate "HTTP/1.1 200 OK"
2025-04-30 00:31:06,573 INFO httpx: HTTP Request: POST http://localhost:11434/api/generate "HTTP/1.1 200 OK"
2025-04-30 00:31:12,128 INFO httpx: HTTP Request: POST http://localhost:11434/api/generate "HTTP/1.1 200 OK"
2025-04-30 00:31:14,821 INFO httpx: HTTP Request: POST http://localhost:11434/api/generate "HTTP/1.1 200 OK"
2025-04-30 00:31:18,870 INFO httpx: HTTP Request: POST http://localhost:11434/api/generate "HTTP/1.1 200 OK"
2025-04-30 00:31:21,341 INFO httpx: HTTP Request: POST http://localhost:11434/api/generate "HTTP/1.1 200 OK"
2025-04-30 00:31:27,784 INFO httpx: HTTP Request: POST http://localhost:11434/api/generate "HTTP/1.1 200 OK"
2025-04-30 00:31:31,043 INFO httpx: HTTP Request: POST http://localhost:11434/api/generate "HTTP/1.1 200 OK"
2025-04-30 00:31:32,155 INFO httpx: HTTP Request: POST http://localhost:11434/api/generate "HTTP/1.1 200 OK"
2025-04-30 00:31:34,765 INFO httpx: HTTP Request: POST http://localhost:11434/api/generate "HTTP/1.1 200 OK"
2025-04-30 00:31:37,187 INFO httpx: HTTP Request: POST http://localhost:11434/api/generate "HTTP/1.1 200 OK"
2025-04-30 00:31:40,836 INFO httpx: HTTP Request: POST http://localhost:11434/api/generate "HTTP/1.1 200 OK"
2025-04-30 00:31:44,754 INFO httpx: HTTP Request: POST http://localhost:11434/api/generate "HTTP/1.1 200 OK"
2025-04-30 00:31:46,819 INFO httpx: HTTP Request: POST http://localhost:11434/api/generate "HTTP/1.1 200 OK"
2025-04-30 00:36:46,993 INFO sentence_transformers.SentenceTransformer: Load pretrained SentenceTransformer: sentence-transformers/all-MiniLM-L6-v2
2025-04-30 00:36:56,584 INFO httpx: HTTP Request: POST http://localhost:11434/api/generate "HTTP/1.1 200 OK"
2025-04-30 00:36:58,951 INFO httpx: HTTP Request: POST http://localhost:11434/api/generate "HTTP/1.1 200 OK"
2025-04-30 00:37:01,693 INFO httpx: HTTP Request: POST http://localhost:11434/api/generate "HTTP/1.1 200 OK"
2025-04-30 00:37:04,021 INFO httpx: HTTP Request: POST http://localhost:11434/api/generate "HTTP/1.1 200 OK"
2025-04-30 00:37:06,314 INFO httpx: HTTP Request: POST http://localhost:11434/api/generate "HTTP/1.1 200 OK"
2025-04-30 00:37:08,381 INFO httpx: HTTP Request: POST http://localhost:11434/api/generate "HTTP/1.1 200 OK"
2025-04-30 00:37:10,507 INFO httpx: HTTP Request: POST http://localhost:11434/api/generate "HTTP/1.1 200 OK"
2025-04-30 00:37:13,051 INFO httpx: HTTP Request: POST http://localhost:11434/api/generate "HTTP/1.1 200 OK"
2025-04-30 00:37:15,038 INFO httpx: HTTP Request: POST http://localhost:11434/api/generate "HTTP/1.1 200 OK"
2025-04-30 00:37:17,236 INFO httpx: HTTP Request: POST http://localhost:11434/api/generate "HTTP/1.1 200 OK"
2025-04-30 00:37:19,673 INFO httpx: HTTP Request: POST http://localhost:11434/api/generate "HTTP/1.1 200 OK"
2025-04-30 00:37:22,064 INFO httpx: HTTP Request: POST http://localhost:11434/api/generate "HTTP/1.1 200 OK"
2025-04-30 00:37:25,268 INFO httpx: HTTP Request: POST http://localhost:11434/api/generate "HTTP/1.1 200 OK"
2025-04-30 00:37:27,456 INFO httpx: HTTP Request: POST http://localhost:11434/api/generate "HTTP/1.1 200 OK"
2025-04-30 00:37:30,104 INFO httpx: HTTP Request: POST http://localhost:11434/api/generate "HTTP/1.1 200 OK"
2025-04-30 00:37:32,332 INFO httpx: HTTP Request: POST http://localhost:11434/api/generate "HTTP/1.1 200 OK"
2025-04-30 00:37:35,475 INFO httpx: HTTP Request: POST http://localhost:11434/api/generate "HTTP/1.1 200 OK"
2025-04-30 00:37:39,572 INFO httpx: HTTP Request: POST http://localhost:11434/api/generate "HTTP/1.1 200 OK"
2025-04-30 00:37:42,213 INFO httpx: HTTP Request: POST http://localhost:11434/api/generate "HTTP/1.1 200 OK"
2025-04-30 00:37:45,294 INFO httpx: HTTP Request: POST http://localhost:11434/api/generate "HTTP/1.1 200 OK"
2025-04-30 00:37:47,742 INFO httpx: HTTP Request: POST http://localhost:11434/api/generate "HTTP/1.1 200 OK"
2025-04-30 00:37:50,646 INFO httpx: HTTP Request: POST http://localhost:11434/api/generate "HTTP/1.1 200 OK"
2025-04-30 00:37:53,793 INFO httpx: HTTP Request: POST http://localhost:11434/api/generate "HTTP/1.1 200 OK"
2025-04-30 00:37:56,717 INFO httpx: HTTP Request: POST http://localhost:11434/api/generate "HTTP/1.1 200 OK"
2025-04-30 00:37:59,895 INFO httpx: HTTP Request: POST http://localhost:11434/api/generate "HTTP/1.1 200 OK"
2025-04-30 00:38:13,223 INFO httpx: HTTP Request: POST http://localhost:11434/api/generate "HTTP/1.1 200 OK"
2025-04-30 00:38:16,776 INFO httpx: HTTP Request: POST http://localhost:11434/api/generate "HTTP/1.1 200 OK"
2025-04-30 00:38:23,010 INFO httpx: HTTP Request: POST http://localhost:11434/api/generate "HTTP/1.1 200 OK"
2025-04-30 00:38:24,423 ERROR trafilatura.utils: parsed tree length: 1, wrong data type or not valid HTML
2025-04-30 00:38:24,424 ERROR trafilatura.core: empty HTML tree: None
2025-04-30 00:38:24,424 WARNING trafilatura.core: discarding data: None
2025-04-30 00:38:27,748 INFO httpx: HTTP Request: POST http://localhost:11434/api/generate "HTTP/1.1 200 OK"
2025-04-30 00:38:30,046 INFO httpx: HTTP Request: POST http://localhost:11434/api/generate "HTTP/1.1 200 OK"
2025-04-30 00:38:43,041 INFO httpx: HTTP Request: POST http://localhost:11434/api/generate "HTTP/1.1 200 OK"
2025-04-30 00:38:47,963 INFO httpx: HTTP Request: POST http://localhost:11434/api/generate "HTTP/1.1 200 OK"
2025-04-30 00:38:50,693 INFO httpx: HTTP Request: POST http://localhost:11434/api/generate "HTTP/1.1 200 OK"
2025-04-30 00:38:53,361 INFO httpx: HTTP Request: POST http://localhost:11434/api/generate "HTTP/1.1 200 OK"
2025-04-30 00:38:57,182 INFO httpx: HTTP Request: POST http://localhost:11434/api/generate "HTTP/1.1 200 OK"
2025-04-30 00:38:57,189 WARNING trafilatura.core: discarding data: None
2025-04-30 00:39:01,577 INFO httpx: HTTP Request: POST http://localhost:11434/api/generate "HTTP/1.1 200 OK"
2025-04-30 00:39:04,705 INFO httpx: HTTP Request: POST http://localhost:11434/api/generate "HTTP/1.1 200 OK"
2025-04-30 00:39:11,039 INFO httpx: HTTP Request: POST http://localhost:11434/api/generate "HTTP/1.1 200 OK"
2025-04-30 00:39:14,936 INFO httpx: HTTP Request: POST http://localhost:11434/api/generate "HTTP/1.1 200 OK"
2025-04-30 00:39:19,143 INFO httpx: HTTP Request: POST http://localhost:11434/api/generate "HTTP/1.1 200 OK"
2025-04-30 00:39:21,573 INFO httpx: HTTP Request: POST http://localhost:11434/api/generate "HTTP/1.1 200 OK"
2025-04-30 00:39:26,885 INFO httpx: HTTP Request: POST http://localhost:11434/api/generate "HTTP/1.1 200 OK"
2025-04-30 00:39:38,302 INFO httpx: HTTP Request: POST http://localhost:11434/api/generate "HTTP/1.1 200 OK"
2025-04-30 00:39:42,101 INFO httpx: HTTP Request: POST http://localhost:11434/api/generate "HTTP/1.1 200 OK"
2025-04-30 00:39:44,094 INFO httpx: HTTP Request: POST http://localhost:11434/api/generate "HTTP/1.1 200 OK"
2025-04-30 00:39:50,684 INFO httpx: HTTP Request: POST http://localhost:11434/api/generate "HTTP/1.1 200 OK"
2025-04-30 00:39:53,015 INFO httpx: HTTP Request: POST http://localhost:11434/api/generate "HTTP/1.1 200 OK"
2025-04-30 00:39:57,897 INFO httpx: HTTP Request: POST http://localhost:11434/api/generate "HTTP/1.1 200 OK"
2025-04-30 00:39:58,321 ERROR trafilatura.utils: parsed tree length: 1, wrong data type or not valid HTML
2025-04-30 00:39:58,321 ERROR trafilatura.core: empty HTML tree: None
2025-04-30 00:39:58,321 WARNING trafilatura.core: discarding data: None
2025-04-30 00:40:03,620 INFO httpx: HTTP Request: POST http://localhost:11434/api/generate "HTTP/1.1 200 OK"
2025-04-30 00:40:18,448 INFO httpx: HTTP Request: POST http://localhost:11434/api/generate "HTTP/1.1 200 OK"
2025-04-30 00:40:22,807 INFO httpx: HTTP Request: POST http://localhost:11434/api/generate "HTTP/1.1 200 OK"
2025-04-30 00:40:27,287 INFO httpx: HTTP Request: POST http://localhost:11434/api/generate "HTTP/1.1 200 OK"
2025-04-30 00:40:42,394 INFO httpx: HTTP Request: POST http://localhost:11434/api/generate "HTTP/1.1 200 OK"
2025-04-30 00:41:00,454 INFO httpx: HTTP Request: POST http://localhost:11434/api/generate "HTTP/1.1 200 OK"
2025-04-30 00:41:04,946 INFO httpx: HTTP Request: POST http://localhost:11434/api/generate "HTTP/1.1 200 OK"
2025-04-30 00:41:08,596 INFO httpx: HTTP Request: POST http://localhost:11434/api/generate "HTTP/1.1 200 OK"
2025-04-30 00:41:15,420 WARNING trafilatura.core: discarding data: None
2025-04-30 00:41:20,306 INFO httpx: HTTP Request: POST http://localhost:11434/api/generate "HTTP/1.1 200 OK"
2025-04-30 00:41:24,928 INFO httpx: HTTP Request: POST http://localhost:11434/api/generate "HTTP/1.1 200 OK"
2025-04-30 00:41:27,695 INFO httpx: HTTP Request: POST http://localhost:11434/api/generate "HTTP/1.1 200 OK"
2025-04-30 00:41:27,848 WARNING aiohttp.client: Can not load response cookies: Illegal key 'BIGipServerKF9aV/YAypHzQuCIHI5lBA'
2025-04-30 00:41:32,530 INFO httpx: HTTP Request: POST http://localhost:11434/api/generate "HTTP/1.1 200 OK"
2025-04-30 00:41:46,929 INFO httpx: HTTP Request: POST http://localhost:11434/api/generate "HTTP/1.1 200 OK"
2025-04-30 00:41:49,427 WARNING trafilatura.core: discarding data: None
2025-04-30 00:46:02,245 INFO sentence_transformers.SentenceTransformer: Load pretrained SentenceTransformer: sentence-transformers/all-MiniLM-L6-v2
2025-04-30 00:46:10,185 INFO httpx: HTTP Request: POST http://localhost:11434/api/generate "HTTP/1.1 200 OK"
2025-04-30 00:46:13,170 INFO httpx: HTTP Request: POST http://localhost:11434/api/generate "HTTP/1.1 200 OK"
2025-04-30 00:46:15,525 INFO httpx: HTTP Request: POST http://localhost:11434/api/generate "HTTP/1.1 200 OK"
2025-04-30 00:46:17,892 INFO httpx: HTTP Request: POST http://localhost:11434/api/generate "HTTP/1.1 200 OK"
2025-04-30 00:46:20,313 INFO httpx: HTTP Request: POST http://localhost:11434/api/generate "HTTP/1.1 200 OK"
2025-04-30 00:46:22,876 INFO httpx: HTTP Request: POST http://localhost:11434/api/generate "HTTP/1.1 200 OK"
2025-04-30 00:46:25,522 INFO httpx: HTTP Request: POST http://localhost:11434/api/generate "HTTP/1.1 200 OK"
2025-04-30 00:46:27,854 INFO httpx: HTTP Request: POST http://localhost:11434/api/generate "HTTP/1.1 200 OK"
2025-04-30 00:46:29,820 INFO httpx: HTTP Request: POST http://localhost:11434/api/generate "HTTP/1.1 200 OK"
2025-04-30 00:46:32,156 INFO httpx: HTTP Request: POST http://localhost:11434/api/generate "HTTP/1.1 200 OK"
2025-04-30 00:46:35,238 INFO httpx: HTTP Request: POST http://localhost:11434/api/generate "HTTP/1.1 200 OK"
2025-04-30 00:46:37,816 INFO httpx: HTTP Request: POST http://localhost:11434/api/generate "HTTP/1.1 200 OK"
2025-04-30 00:46:39,831 INFO httpx: HTTP Request: POST http://localhost:11434/api/generate "HTTP/1.1 200 OK"
2025-04-30 00:46:42,190 INFO httpx: HTTP Request: POST http://localhost:11434/api/generate "HTTP/1.1 200 OK"
2025-04-30 00:46:42,211 WARNING trafilatura.core: discarding data: None
2025-04-30 00:46:42,634 ERROR trafilatura.utils: parsed tree length: 1, wrong data type or not valid HTML
2025-04-30 00:46:42,634 ERROR trafilatura.core: empty HTML tree: None
2025-04-30 00:46:42,634 WARNING trafilatura.core: discarding data: None
2025-04-30 00:46:45,675 INFO httpx: HTTP Request: POST http://localhost:11434/api/generate "HTTP/1.1 200 OK"
2025-04-30 00:46:48,274 INFO httpx: HTTP Request: POST http://localhost:11434/api/generate "HTTP/1.1 200 OK"
2025-04-30 00:46:51,035 INFO httpx: HTTP Request: POST http://localhost:11434/api/generate "HTTP/1.1 200 OK"
2025-04-30 00:46:53,409 INFO httpx: HTTP Request: POST http://localhost:11434/api/generate "HTTP/1.1 200 OK"
2025-04-30 00:46:56,026 INFO httpx: HTTP Request: POST http://localhost:11434/api/generate "HTTP/1.1 200 OK"
2025-04-30 00:46:58,195 INFO httpx: HTTP Request: POST http://localhost:11434/api/generate "HTTP/1.1 200 OK"
2025-04-30 00:47:00,988 INFO httpx: HTTP Request: POST http://localhost:11434/api/generate "HTTP/1.1 200 OK"
2025-04-30 00:47:03,953 INFO httpx: HTTP Request: POST http://localhost:11434/api/generate "HTTP/1.1 200 OK"
2025-04-30 00:47:06,278 INFO httpx: HTTP Request: POST http://localhost:11434/api/generate "HTTP/1.1 200 OK"
2025-04-30 00:47:08,309 INFO httpx: HTTP Request: POST http://localhost:11434/api/generate "HTTP/1.1 200 OK"
2025-04-30 00:47:10,604 INFO httpx: HTTP Request: POST http://localhost:11434/api/generate "HTTP/1.1 200 OK"
2025-04-30 00:47:13,440 INFO httpx: HTTP Request: POST http://localhost:11434/api/generate "HTTP/1.1 200 OK"
2025-04-30 00:47:15,656 INFO httpx: HTTP Request: POST http://localhost:11434/api/generate "HTTP/1.1 200 OK"
2025-04-30 00:47:18,429 INFO httpx: HTTP Request: POST http://localhost:11434/api/generate "HTTP/1.1 200 OK"
2025-04-30 00:47:22,091 INFO httpx: HTTP Request: POST http://localhost:11434/api/generate "HTTP/1.1 200 OK"
2025-04-30 00:47:25,458 INFO httpx: HTTP Request: POST http://localhost:11434/api/generate "HTTP/1.1 200 OK"
2025-04-30 00:47:28,302 INFO httpx: HTTP Request: POST http://localhost:11434/api/generate "HTTP/1.1 200 OK"
2025-04-30 00:47:30,623 INFO httpx: HTTP Request: POST http://localhost:11434/api/generate "HTTP/1.1 200 OK"
2025-04-30 00:47:33,505 INFO httpx: HTTP Request: POST http://localhost:11434/api/generate "HTTP/1.1 200 OK"
2025-04-30 00:47:35,990 INFO httpx: HTTP Request: POST http://localhost:11434/api/generate "HTTP/1.1 200 OK"
2025-04-30 00:47:38,672 INFO httpx: HTTP Request: POST http://localhost:11434/api/generate "HTTP/1.1 200 OK"
2025-04-30 00:47:41,235 INFO httpx: HTTP Request: POST http://localhost:11434/api/generate "HTTP/1.1 200 OK"
2025-04-30 00:47:41,599 WARNING trafilatura.core: discarding data: None
2025-04-30 00:47:42,423 INFO httpx: HTTP Request: POST http://localhost:11434/api/generate "HTTP/1.1 200 OK"
2025-04-30 00:47:45,568 INFO httpx: HTTP Request: POST http://localhost:11434/api/generate "HTTP/1.1 200 OK"
2025-04-30 00:47:48,573 INFO httpx: HTTP Request: POST http://localhost:11434/api/generate "HTTP/1.1 200 OK"
2025-04-30 00:47:48,849 INFO httpx: HTTP Request: POST http://localhost:11434/api/generate "HTTP/1.1 200 OK"
2025-04-30 00:47:53,156 INFO httpx: HTTP Request: POST http://localhost:11434/api/generate "HTTP/1.1 200 OK"
2025-04-30 00:47:53,166 WARNING trafilatura.core: discarding data: None
2025-04-30 00:47:55,899 INFO httpx: HTTP Request: POST http://localhost:11434/api/generate "HTTP/1.1 200 OK"
2025-04-30 00:48:00,490 INFO httpx: HTTP Request: POST http://localhost:11434/api/generate "HTTP/1.1 200 OK"
2025-04-30 00:51:12,196 INFO sentence_transformers.SentenceTransformer: Load pretrained SentenceTransformer: sentence-transformers/all-MiniLM-L6-v2
2025-04-30 00:51:18,965 INFO httpx: HTTP Request: POST http://localhost:11434/api/generate "HTTP/1.1 200 OK"
2025-04-30 00:51:21,105 INFO httpx: HTTP Request: POST http://localhost:11434/api/generate "HTTP/1.1 200 OK"
2025-04-30 00:51:21,265 WARNING trafilatura.core: discarding data: None
2025-04-30 00:51:23,821 INFO httpx: HTTP Request: POST http://localhost:11434/api/generate "HTTP/1.1 200 OK"
2025-04-30 00:51:26,130 INFO httpx: HTTP Request: POST http://localhost:11434/api/generate "HTTP/1.1 200 OK"
2025-04-30 00:51:28,562 INFO httpx: HTTP Request: POST http://localhost:11434/api/generate "HTTP/1.1 200 OK"
2025-04-30 00:51:31,175 INFO httpx: HTTP Request: POST http://localhost:11434/api/generate "HTTP/1.1 200 OK"
2025-04-30 00:51:33,338 INFO httpx: HTTP Request: POST http://localhost:11434/api/generate "HTTP/1.1 200 OK"
2025-04-30 00:51:36,495 INFO httpx: HTTP Request: POST http://localhost:11434/api/generate "HTTP/1.1 200 OK"
2025-04-30 00:51:38,772 INFO httpx: HTTP Request: POST http://localhost:11434/api/generate "HTTP/1.1 200 OK"
2025-04-30 00:51:41,639 INFO httpx: HTTP Request: POST http://localhost:11434/api/generate "HTTP/1.1 200 OK"
2025-04-30 00:51:43,908 INFO httpx: HTTP Request: POST http://localhost:11434/api/generate "HTTP/1.1 200 OK"
2025-04-30 00:51:46,045 INFO httpx: HTTP Request: POST http://localhost:11434/api/generate "HTTP/1.1 200 OK"
2025-04-30 00:51:48,031 INFO httpx: HTTP Request: POST http://localhost:11434/api/generate "HTTP/1.1 200 OK"
2025-04-30 00:51:51,038 INFO httpx: HTTP Request: POST http://localhost:11434/api/generate "HTTP/1.1 200 OK"
2025-04-30 00:51:53,566 INFO httpx: HTTP Request: POST http://localhost:11434/api/generate "HTTP/1.1 200 OK"
2025-04-30 00:51:55,597 INFO httpx: HTTP Request: POST http://localhost:11434/api/generate "HTTP/1.1 200 OK"
2025-04-30 00:51:59,925 INFO httpx: HTTP Request: POST http://localhost:11434/api/generate "HTTP/1.1 200 OK"
2025-04-30 00:53:30,708 INFO sentence_transformers.SentenceTransformer: Load pretrained SentenceTransformer: sentence-transformers/all-MiniLM-L6-v2
2025-04-30 00:53:37,022 INFO httpx: HTTP Request: POST http://localhost:11434/api/generate "HTTP/1.1 200 OK"
2025-04-30 00:53:39,259 INFO httpx: HTTP Request: POST http://localhost:11434/api/generate "HTTP/1.1 200 OK"
2025-04-30 00:53:41,895 INFO httpx: HTTP Request: POST http://localhost:11434/api/generate "HTTP/1.1 200 OK"
2025-04-30 00:53:44,059 INFO httpx: HTTP Request: POST http://localhost:11434/api/generate "HTTP/1.1 200 OK"
2025-04-30 00:53:46,439 INFO httpx: HTTP Request: POST http://localhost:11434/api/generate "HTTP/1.1 200 OK"
2025-04-30 00:53:49,405 INFO httpx: HTTP Request: POST http://localhost:11434/api/generate "HTTP/1.1 200 OK"
2025-04-30 00:53:51,604 INFO httpx: HTTP Request: POST http://localhost:11434/api/generate "HTTP/1.1 200 OK"
2025-04-30 00:53:51,618 WARNING trafilatura.core: discarding data: None
2025-04-30 00:53:56,068 INFO httpx: HTTP Request: POST http://localhost:11434/api/generate "HTTP/1.1 200 OK"
2025-04-30 00:53:58,521 INFO httpx: HTTP Request: POST http://localhost:11434/api/generate "HTTP/1.1 200 OK"
2025-04-30 00:54:00,990 INFO httpx: HTTP Request: POST http://localhost:11434/api/generate "HTTP/1.1 200 OK"
2025-04-30 00:54:03,428 INFO httpx: HTTP Request: POST http://localhost:11434/api/generate "HTTP/1.1 200 OK"
2025-04-30 00:54:05,286 INFO httpx: HTTP Request: POST http://localhost:11434/api/generate "HTTP/1.1 200 OK"
2025-04-30 00:54:07,633 INFO httpx: HTTP Request: POST http://localhost:11434/api/generate "HTTP/1.1 200 OK"
2025-04-30 00:54:09,548 INFO httpx: HTTP Request: POST http://localhost:11434/api/generate "HTTP/1.1 200 OK"
2025-04-30 00:54:12,074 INFO httpx: HTTP Request: POST http://localhost:11434/api/generate "HTTP/1.1 200 OK"
2025-04-30 00:54:14,412 INFO httpx: HTTP Request: POST http://localhost:11434/api/generate "HTTP/1.1 200 OK"
2025-04-30 00:54:17,140 INFO httpx: HTTP Request: POST http://localhost:11434/api/generate "HTTP/1.1 200 OK"
2025-04-30 00:54:20,086 INFO httpx: HTTP Request: POST http://localhost:11434/api/generate "HTTP/1.1 200 OK"
2025-04-30 00:54:24,478 INFO httpx: HTTP Request: POST http://localhost:11434/api/generate "HTTP/1.1 200 OK"
2025-04-30 00:54:26,358 INFO httpx: HTTP Request: POST http://localhost:11434/api/generate "HTTP/1.1 200 OK"
2025-04-30 00:54:28,548 INFO httpx: HTTP Request: POST http://localhost:11434/api/generate "HTTP/1.1 200 OK"
2025-04-30 00:54:28,555 WARNING trafilatura.core: discarding data: None
2025-04-30 00:54:31,424 INFO httpx: HTTP Request: POST http://localhost:11434/api/generate "HTTP/1.1 200 OK"
2025-04-30 00:54:33,622 INFO httpx: HTTP Request: POST http://localhost:11434/api/generate "HTTP/1.1 200 OK"
2025-04-30 00:54:35,905 INFO httpx: HTTP Request: POST http://localhost:11434/api/generate "HTTP/1.1 200 OK"
2025-04-30 00:54:40,338 INFO httpx: HTTP Request: POST http://localhost:11434/api/generate "HTTP/1.1 200 OK"
2025-04-30 00:54:42,121 INFO httpx: HTTP Request: POST http://localhost:11434/api/generate "HTTP/1.1 200 OK"
2025-04-30 00:54:45,917 INFO httpx: HTTP Request: POST http://localhost:11434/api/generate "HTTP/1.1 200 OK"
2025-04-30 00:54:48,566 INFO httpx: HTTP Request: POST http://localhost:11434/api/generate "HTTP/1.1 200 OK"
2025-04-30 00:54:52,294 INFO httpx: HTTP Request: POST http://localhost:11434/api/generate "HTTP/1.1 200 OK"
2025-04-30 00:54:55,309 INFO httpx: HTTP Request: POST http://localhost:11434/api/generate "HTTP/1.1 200 OK"
2025-04-30 00:54:57,624 INFO httpx: HTTP Request: POST http://localhost:11434/api/generate "HTTP/1.1 200 OK"
2025-04-30 00:54:57,630 WARNING trafilatura.core: discarding data: None
2025-04-30 00:54:59,664 INFO httpx: HTTP Request: POST http://localhost:11434/api/generate "HTTP/1.1 200 OK"
2025-04-30 00:55:03,539 INFO httpx: HTTP Request: POST http://localhost:11434/api/generate "HTTP/1.1 200 OK"
2025-04-30 00:55:06,527 INFO httpx: HTTP Request: POST http://localhost:11434/api/generate "HTTP/1.1 200 OK"
2025-04-30 00:55:10,123 INFO httpx: HTTP Request: POST http://localhost:11434/api/generate "HTTP/1.1 200 OK"
2025-04-30 00:55:12,543 INFO httpx: HTTP Request: POST http://localhost:11434/api/generate "HTTP/1.1 200 OK"
2025-04-30 00:55:12,781 WARNING trafilatura.core: discarding data: None
2025-04-30 00:55:15,019 INFO httpx: HTTP Request: POST http://localhost:11434/api/generate "HTTP/1.1 200 OK"
2025-04-30 00:55:21,640 INFO httpx: HTTP Request: POST http://localhost:11434/api/generate "HTTP/1.1 200 OK"
2025-04-30 00:55:24,216 INFO httpx: HTTP Request: POST http://localhost:11434/api/generate "HTTP/1.1 200 OK"
2025-04-30 00:55:27,225 INFO httpx: HTTP Request: POST http://localhost:11434/api/generate "HTTP/1.1 200 OK"
2025-04-30 00:55:29,534 INFO httpx: HTTP Request: POST http://localhost:11434/api/generate "HTTP/1.1 200 OK"
2025-04-30 00:55:32,471 INFO httpx: HTTP Request: POST http://localhost:11434/api/generate "HTTP/1.1 200 OK"
2025-04-30 00:55:33,116 INFO httpx: HTTP Request: POST http://localhost:11434/api/generate "HTTP/1.1 200 OK"
2025-04-30 00:55:37,730 INFO httpx: HTTP Request: POST http://localhost:11434/api/generate "HTTP/1.1 200 OK"
2025-04-30 00:55:40,493 INFO httpx: HTTP Request: POST http://localhost:11434/api/generate "HTTP/1.1 200 OK"
2025-04-30 00:55:46,022 INFO httpx: HTTP Request: POST http://localhost:11434/api/generate "HTTP/1.1 200 OK"
2025-04-30 00:55:48,641 INFO httpx: HTTP Request: POST http://localhost:11434/api/generate "HTTP/1.1 200 OK"
2025-04-30 00:55:53,446 INFO httpx: HTTP Request: POST http://localhost:11434/api/generate "HTTP/1.1 200 OK"
2025-04-30 00:55:56,385 INFO httpx: HTTP Request: POST http://localhost:11434/api/generate "HTTP/1.1 200 OK"
2025-04-30 00:56:00,099 INFO httpx: HTTP Request: POST http://localhost:11434/api/generate "HTTP/1.1 200 OK"
2025-04-30 00:56:00,121 WARNING trafilatura.core: discarding data: None
2025-04-30 00:56:04,390 INFO httpx: HTTP Request: POST http://localhost:11434/api/generate "HTTP/1.1 200 OK"
2025-04-30 00:56:06,623 INFO httpx: HTTP Request: POST http://localhost:11434/api/generate "HTTP/1.1 200 OK"
2025-04-30 00:56:19,028 INFO httpx: HTTP Request: POST http://localhost:11434/api/generate "HTTP/1.1 200 OK"
2025-04-30 00:56:21,616 INFO httpx: HTTP Request: POST http://localhost:11434/api/generate "HTTP/1.1 200 OK"
2025-04-30 00:56:37,383 INFO httpx: HTTP Request: POST http://localhost:11434/api/generate "HTTP/1.1 200 OK"
2025-04-30 00:56:40,073 INFO httpx: HTTP Request: POST http://localhost:11434/api/generate "HTTP/1.1 200 OK"
2025-04-30 00:56:42,605 INFO httpx: HTTP Request: POST http://localhost:11434/api/generate "HTTP/1.1 200 OK"
2025-04-30 00:56:45,534 INFO httpx: HTTP Request: POST http://localhost:11434/api/generate "HTTP/1.1 200 OK"
2025-04-30 00:56:49,955 INFO httpx: HTTP Request: POST http://localhost:11434/api/generate "HTTP/1.1 200 OK"
2025-04-30 00:56:50,226 INFO httpx: HTTP Request: POST http://localhost:11434/api/generate "HTTP/1.1 200 OK"
2025-04-30 00:56:54,287 INFO httpx: HTTP Request: POST http://localhost:11434/api/generate "HTTP/1.1 200 OK"
2025-04-30 00:57:00,301 INFO httpx: HTTP Request: POST http://localhost:11434/api/generate "HTTP/1.1 200 OK"
2025-04-30 00:57:14,762 INFO httpx: HTTP Request: POST http://localhost:11434/api/generate "HTTP/1.1 200 OK"
2025-04-30 00:57:18,101 INFO httpx: HTTP Request: POST http://localhost:11434/api/generate "HTTP/1.1 200 OK"
2025-04-30 00:57:20,459 INFO httpx: HTTP Request: POST http://localhost:11434/api/generate "HTTP/1.1 200 OK"
2025-04-30 00:57:29,948 INFO httpx: HTTP Request: POST http://localhost:11434/api/generate "HTTP/1.1 200 OK"
2025-04-30 00:57:40,206 INFO httpx: HTTP Request: POST http://localhost:11434/api/generate "HTTP/1.1 200 OK"
2025-04-30 00:57:43,966 INFO httpx: HTTP Request: POST http://localhost:11434/api/generate "HTTP/1.1 200 OK"
2025-04-30 00:57:47,684 INFO httpx: HTTP Request: POST http://localhost:11434/api/generate "HTTP/1.1 200 OK"
2025-04-30 00:58:42,428 WARNING aiohttp.client: Can not load response cookies: Illegal key 'BIGipServerzpc08CedXssJsp9Q2gp6/A'
2025-04-30 00:58:56,311 WARNING trafilatura.core: discarding data: None
2025-04-30 00:59:01,960 WARNING trafilatura.core: discarding data: None
2025-04-30 00:59:04,367 WARNING trafilatura.core: discarding data: None
2025-04-30 00:59:17,100 ERROR trafilatura.utils: parsed tree length: 1, wrong data type or not valid HTML
2025-04-30 00:59:17,100 ERROR trafilatura.core: empty HTML tree: None
2025-04-30 00:59:17,100 WARNING trafilatura.core: discarding data: None
2025-04-30 00:59:41,400 WARNING trafilatura.core: discarding data: None
2025-04-30 00:59:42,935 WARNING trafilatura.core: discarding data: None
2025-04-30 00:59:57,914 ERROR trafilatura.utils: parsed tree length: 1, wrong data type or not valid HTML
2025-04-30 00:59:57,914 ERROR trafilatura.core: empty HTML tree: None
2025-04-30 00:59:57,914 WARNING trafilatura.core: discarding data: None
2025-04-30 01:00:08,948 WARNING trafilatura.core: discarding data: None
2025-04-30 01:00:10,154 WARNING trafilatura.core: discarding data: None
2025-04-30 01:00:21,468 WARNING trafilatura.core: discarding data: None
2025-04-30 01:00:32,993 WARNING aiohttp.client: Can not load response cookies: Illegal key 'BIGipServerKF9aV/YAypHzQuCIHI5lBA'
2025-04-30 01:00:34,102 WARNING aiohttp.client: Can not load response cookies: Illegal key 'BIGipServerKF9aV/YAypHzQuCIHI5lBA'
2025-04-30 01:00:35,212 WARNING aiohttp.client: Can not load response cookies: Illegal key 'BIGipServerKF9aV/YAypHzQuCIHI5lBA'
2025-04-30 01:00:36,124 WARNING trafilatura.core: discarding data: None
2025-04-30 01:03:13,220 ERROR trafilatura.utils: parsed tree length: 1, wrong data type or not valid HTML
2025-04-30 01:03:13,221 ERROR trafilatura.core: empty HTML tree: None
2025-04-30 01:03:13,221 WARNING trafilatura.core: discarding data: None
2025-04-30 01:03:18,058 WARNING trafilatura.core: discarding data: None
2025-04-30 01:04:04,000 ERROR trafilatura.utils: parsed tree length: 1, wrong data type or not valid HTML
2025-04-30 01:04:04,000 ERROR trafilatura.core: empty HTML tree: None
2025-04-30 01:04:04,000 WARNING trafilatura.core: discarding data: None
